// Vitest Snapshot v1, https://vitest.dev/guide/snapshot.html

exports[`works 1`] = `
{
  "head": {
    "options": {
      "delay": 100,
      "pause": true,
    },
  },
  "snapshots": [
    {
      "body": "",
      "bodyEnd": 65,
      "bodyStart": 65,
      "end": 65,
      "raw": "
--01----------
",
      "start": 49,
    },
    {
      "body": "import App from './App.vue'
",
      "bodyEnd": 109,
      "bodyStart": 81,
      "end": 109,
      "raw": "
--02----------
import App from './App.vue'
",
      "start": 65,
    },
    {
      "body": "import { } from 'vue'
import App from './App.vue'
",
      "bodyEnd": 175,
      "bodyStart": 125,
      "end": 175,
      "raw": "
--03----------
import { } from 'vue'
import App from './App.vue'
",
      "start": 109,
    },
    {
      "body": "import { createApp } from 'vue'
import App from './App.vue'

const app = createApp(App)
app.mount('#app')
",
      "bodyEnd": 297,
      "bodyStart": 191,
      "end": 324,
      "options": {
        "pause": true,
      },
      "optionsRaw": "pause: true",
      "raw": "
--04----------
import { createApp } from 'vue'
import App from './App.vue'

const app = createApp(App)
app.mount('#app')

-----options--
pause: true",
      "start": 175,
    },
    {
      "body": "import { createApp } from 'vue'
import { createRouter } from 'vue-router'
import App from './App.vue'

const app = createApp(App)
const router = createRouter()
app.use(router)
app.mount('#app')
",
      "bodyEnd": 534,
      "bodyStart": 340,
      "end": 534,
      "raw": "
--05----------
import { createApp } from 'vue'
import { createRouter } from 'vue-router'
import App from './App.vue'

const app = createApp(App)
const router = createRouter()
app.use(router)
app.mount('#app')
",
      "start": 324,
    },
    {
      "body": "import { createApp } from 'vue'
import { createRouter, createWebHistory } from 'vue-router'
import App from './App.vue'

const app = createApp(App)
const router = createRouter({
  history: createWebHistory(),
})
app.use(router)
app.mount('#app')
",
      "bodyEnd": 796,
      "bodyStart": 550,
      "end": 796,
      "raw": "
--06----------
import { createApp } from 'vue'
import { createRouter, createWebHistory } from 'vue-router'
import App from './App.vue'

const app = createApp(App)
const router = createRouter({
  history: createWebHistory(),
})
app.use(router)
app.mount('#app')
",
      "start": 534,
    },
    {
      "body": "import { createApp } from 'vue'
import { createRouter, createWebHistory } from 'vue-router'
import routes from 'virtual:generated-pages'
import App from './App.vue'

const app = createApp(App)
const router = createRouter({
  history: createWebHistory(),
  routes,
})
app.use(router)
app.mount('#app')
",
      "bodyEnd": 1113,
      "bodyStart": 812,
      "end": 1113,
      "raw": "
--07----------
import { createApp } from 'vue'
import { createRouter, createWebHistory } from 'vue-router'
import routes from 'virtual:generated-pages'
import App from './App.vue'

const app = createApp(App)
const router = createRouter({
  history: createWebHistory(),
  routes,
})
app.use(router)
app.mount('#app')
",
      "start": 796,
    },
    {
      "body": "// this code was generated using
import { createApp } from 'vue'
import { createRouter, createWebHistory } from 'vue-router'
import routes from 'virtual:generated-pages'
import App from './App.vue'

const app = createApp(App)
const router = createRouter({
  history: createWebHistory(),
  routes,
})
app.use(router)
app.mount('#app')
",
      "bodyEnd": 1463,
      "bodyStart": 1129,
      "end": 1463,
      "raw": "
--08----------
// this code was generated using
import { createApp } from 'vue'
import { createRouter, createWebHistory } from 'vue-router'
import routes from 'virtual:generated-pages'
import App from './App.vue'

const app = createApp(App)
const router = createRouter({
  history: createWebHistory(),
  routes,
})
app.use(router)
app.mount('#app')
",
      "start": 1113,
    },
    {
      "body": "// this code was generated using https://github.com/antfu/retypewriter
import { createApp } from 'vue'
import { createRouter, createWebHistory } from 'vue-router'
import routes from 'virtual:generated-pages'
import App from './App.vue'

const app = createApp(App)
const router = createRouter({
  history: createWebHistory(),
  routes,
})
app.use(router)
app.mount('#app')
",
      "bodyEnd": 1851,
      "bodyStart": 1479,
      "end": 1888,
      "options": {
        "paste": true,
        "wait": 200,
      },
      "optionsRaw": "wait: 200
paste: true",
      "raw": "
--09----------
// this code was generated using https://github.com/antfu/retypewriter
import { createApp } from 'vue'
import { createRouter, createWebHistory } from 'vue-router'
import routes from 'virtual:generated-pages'
import App from './App.vue'

const app = createApp(App)
const router = createRouter({
  history: createWebHistory(),
  routes,
})
app.use(router)
app.mount('#app')

-----options--
wait: 200
paste: true",
      "start": 1463,
    },
  ],
}
`;
