// Vitest Snapshot v1, https://vitest.dev/guide/snapshot.html

exports[`snaps 1`] = `
"reTypewriter Snapshots v1

--01----------

--02----------
import {} from "vue"
-----options--
pause: true
--03----------
import { createApp } from "vue"

const app = createApp()

--------------
"
`;
